.venv\Scripts\python : test_doctor_dashboard_access_and_consultation (tests.test_dashboard.TestDoctorDashboard) ... 
C:\Users\Divya\Desktop\medilife AI\.venv\lib\site-packages\flask_session\filesystem\filesystem.py:75: 
DeprecationWarning: FileSystemSessionInterface is deprecated and will be removed in a future release. Instead use the 
CacheLib backend directly.
At line:1 char:1
+ .venv\Scripts\python -m unittest -v tests/test_dashboard.py > test_ou ...
+ ~~~~~~~~~~~~~~~~~~~~~~~~~~~~~~~~~~~~~~~~~~~~~~~~~~~~~~~~~~~~~~~~~~~~~
    + CategoryInfo          : NotSpecified: (test_doctor_das...ckend directly.:String) [], RemoteException
    + FullyQualifiedErrorId : NativeCommandError
 
  warnings.warn(
C:\Users\Divya\Desktop\medilife AI\.venv\lib\site-packages\flask_session\base.py:172: DeprecationWarning: The 
'use_signer' option is deprecated and will be removed in the next minor release. Please update your configuration 
accordingly or open an issue.
  warnings.warn(
[2026-07-18 18:39:08,511] INFO in __init__: Database connection verified successfully.
C:\Users\Divya\Desktop\medilife AI\routes\main.py:433: LegacyAPIWarning: The Query.get() method is considered legacy 
as of the 1.x series of SQLAlchemy and becomes a legacy construct in 2.0. The method is now available as Session.get() 
(deprecated since: 2.0) (Background on SQLAlchemy 2.0 at: https://sqlalche.me/e/b8d9)
  doctor = Doctor.query.get(session['user_id'])
FAIL
test_dashboard_access_and_flow (tests.test_dashboard.TestPatientDashboard) ... [2026-07-18 18:39:09,006] INFO in 
__init__: Database connection verified successfully.
C:\Users\Divya\Desktop\medilife AI\routes\main.py:180: LegacyAPIWarning: The Query.get() method is considered legacy 
as of the 1.x series of SQLAlchemy and becomes a legacy construct in 2.0. The method is now available as Session.get() 
(deprecated since: 2.0) (Background on SQLAlchemy 2.0 at: https://sqlalche.me/e/b8d9)
  patient = Patient.query.get(session['user_id'])
C:\Users\Divya\Desktop\medilife AI\routes\main.py:305: LegacyAPIWarning: The Query.get() method is considered legacy 
as of the 1.x series of SQLAlchemy and becomes a legacy construct in 2.0. The method is now available as Session.get() 
(deprecated since: 2.0) (Background on SQLAlchemy 2.0 at: https://sqlalche.me/e/b8d9)
  patient = Patient.query.get(session['user_id'])
C:\Users\Divya\Desktop\medilife AI\routes\main.py:379: LegacyAPIWarning: The Query.get() method is considered legacy 
as of the 1.x series of SQLAlchemy and becomes a legacy construct in 2.0. The method is now available as Session.get() 
(deprecated since: 2.0) (Background on SQLAlchemy 2.0 at: https://sqlalche.me/e/b8d9)
  patient = Patient.query.get(session['user_id'])
C:\Users\Divya\Desktop\medilife AI\routes\main.py:406: LegacyAPIWarning: The Query.get() method is considered legacy 
as of the 1.x series of SQLAlchemy and becomes a legacy construct in 2.0. The method is now available as Session.get() 
(deprecated since: 2.0) (Background on SQLAlchemy 2.0 at: https://sqlalche.me/e/b8d9)
  patient = Patient.query.get(session['user_id'])
ok

======================================================================
FAIL: test_doctor_dashboard_access_and_consultation (tests.test_dashboard.TestDoctorDashboard)
----------------------------------------------------------------------
Traceback (most recent call last):
  File "C:\Users\Divya\Desktop\medilife AI\tests\test_dashboard.py", line 225, in 
test_doctor_dashboard_access_and_consultation
    self.assertIn(b'Today urgent consult', response.data)
AssertionError: b'Today urgent consult' not found in b'<!DOCTYPE html>\n<html lang="en">\n<head>\n    <meta 
charset="UTF-8">\n    <meta name="viewport" content="width=device-width, initial-scale=1.0">\n    <title>Doctor 
Dashboard - MediLife AI</title>\n    \n    <!-- Meta tags for SEO -->\n    <meta name="description" content="MediLife 
AI leverages advanced artificial intelligence to provide state-of-the-art health analysis, diagnosis support, and 
medical resource tracking.">\n    <meta name="keywords" content="health AI, medical technology, digital health, 
machine learning healthcare, MediLife AI">\n    <meta name="author" content="MediLife AI Team">\n\n    <!-- Google 
Fonts: Outfit (headings) & Inter (body) -->\n    <link rel="preconnect" href="https://fonts.googleapis.com">\n    
<link rel="preconnect" href="https://fonts.gstatic.com" crossorigin>\n    <link href="https://fonts.googleapis.com/css2
?family=Inter:wght@300;400;500;600;700&family=Outfit:wght@400;500;600;700;800&display=swap" rel="stylesheet">\n    \n  
  <!-- Bootstrap 5 CSS -->\n    <link href="https://cdn.jsdelivr.net/npm/bootstrap@5.3.2/dist/css/bootstrap.min.css" 
rel="stylesheet" integrity="sha384-T3c6CoIi6uLrA9TneNEoa7RxnatzjcDSCmG1MXxSR1GAsXEV/Dwwykc2MPK8M2HN" 
crossorigin="anonymous">\n    \n    <!-- FontAwesome for Premium Icons -->\n    <link rel="stylesheet" 
href="https://cdnjs.cloudflare.com/ajax/libs/font-awesome/6.4.2/css/all.min.css">\n    \n    <!-- Custom CSS -->\n    
<link rel="stylesheet" href="/static/css/style.css">\n    \n    \n<style>\n    /* Dashboard specific styling */\n    
.dashboard-header-banner {\n        background: linear-gradient(135deg, rgba(30, 58, 138, 0.05) 0%, rgba(13, 148, 136, 
0.05) 100%);\n        border: 1px solid rgba(30, 58, 138, 0.1);\n        border-radius: 16px;\n        padding: 
2rem;\n        margin-bottom: 2rem;\n    }\n    \n    .stat-badge {\n        font-size: 0.75rem;\n        font-weight: 
600;\n        padding: 0.35rem 0.65rem;\n        border-radius: 50rem;\n        display: inline-block;\n    }\n    \n  
  .badge-pending {\n        background-color: rgba(245, 158, 11, 0.15);\n        color: #d97706;\n    }\n    \n    
.badge-confirmed {\n        background-color: rgba(16, 185, 129, 0.15);\n        color: #059669;\n    }\n    \n    
.badge-cancelled {\n        background-color: rgba(239, 68, 68, 0.15);\n        color: #dc2626;\n    }\n    \n    
.badge-completed {\n        background-color: rgba(59, 130, 246, 0.15);\n        color: #2563eb;\n    }\n\n    
.bg-accent-glow {\n        background: rgba(13, 148, 136, 0.07);\n        color: var(--accent);\n        border: 1px 
solid rgba(13, 148, 136, 0.15);\n    }\n</style>\n\n</head>\n<body class="d-flex flex-column min-vh-100">\n\n    <!-- 
Header & Navigation -->\n    <header>\n        <nav class="navbar navbar-expand-lg fixed-top custom-navbar">\n         
   <div class="container">\n                <a class="navbar-brand d-flex align-items-center" href="/">\n              
      <div class="brand-icon-wrapper me-2">\n                        <i class="fa-solid fa-heart-pulse brand-icon 
animate-pulse"></i>\n                    </div>\n                    <span class="brand-text">MediLife <span 
class="text-accent">AI</span></span>\n                </a>\n                <button class="navbar-toggler" 
type="button" data-bs-toggle="collapse" data-bs-target="#mainNavbar" aria-controls="mainNavbar" aria-expanded="false" 
aria-label="Toggle navigation">\n                    <span class="navbar-toggler-icon"></span>\n                
</button>\n                <div class="collapse navbar-collapse" id="mainNavbar">\n                    <ul 
class="navbar-nav ms-auto mb-2 mb-lg-0 align-items-center me-lg-3">\n                        <li class="nav-item">\n   
                         <a class="nav-link" href="/">Home</a>\n                        </li>\n                        
\n                            \n                            <li class="nav-item">\n                                <a 
class="nav-link" href="/doctor/dashboard">Dashboard</a>\n                            </li>\n                           
 \n                        \n                        <li class="nav-item">\n                            <a 
class="nav-link" href="/#about">About</a>\n                        </li>\n                        <li 
class="nav-item">\n                            <a class="nav-link" href="/#features">Features</a>\n                    
    </li>\n                        <li class="nav-item">\n                            <a class="nav-link" 
href="/#contact">Contact</a>\n                        </li>\n                    </ul>\n                    <div 
class="d-flex gap-3 flex-column flex-lg-row align-items-center mt-3 mt-lg-0">\n                        \n              
              <div class="dropdown">\n                                <a class="nav-link dropdown-toggle text-primary 
fw-bold" href="#" role="button" data-bs-toggle="dropdown" aria-expanded="false">\n                                    
<i class="fa-solid fa-circle-user me-1 text-primary-light"></i> Test Doctor\n                                </a>\n    
                            <ul class="dropdown-menu dropdown-menu-end border border-light shadow-sm rounded-3 
mt-2">\n                                    <li><span class="dropdown-item-text small text-muted">Role: 
Doctor</span></li>\n                                    \n                                    <li><a 
class="dropdown-item small" href="/doctor/dashboard"><i class="fa-solid fa-gauge-high me-1 text-primary"></i> 
Dashboard</a></li>\n                                    \n                                    <li><hr 
class="dropdown-divider"></li>\n                                    <li><a class="dropdown-item text-danger small" 
href="/logout"><i class="fa-solid fa-right-from-bracket me-1"></i> Logout</a></li>\n                                
</ul>\n                            </div>\n                        \n                    </div>\n                
</div>\n            </div>\n        </nav>\n    </header>\n\n    <!-- Main Content Area -->\n    <main 
class="flex-grow-1">\n        <!-- Floating Toast Container -->\n        <div class="toast-container position-fixed 
top-0 end-0 p-3" style="z-index: 2050; margin-top: 5.5rem;">\n            \n                \n                    \n   
                     <div class="toast align-items-center text-dark bg-white border border-light shadow-lg rounded-3 
custom-toast show" role="alert" aria-live="assertive" aria-atomic="true" data-bs-delay="6000">\n                       
     <div class="d-flex p-2">\n                                <div class="toast-body d-flex align-items-center">\n    
                                \n                                        <i class="fa-solid fa-triangle-exclamation 
fs-5 text-warning me-2"></i>\n                                    \n                                    <div 
class="fw-medium text-dark">Please log in as a doctor to access the clinical workspace.</div>\n                        
        </div>\n                                <button type="button" class="btn-close m-auto me-2" 
data-bs-dismiss="toast" aria-label="Close"></button>\n                            </div>\n                        
</div>\n                    \n                        <div class="toast align-items-center text-dark bg-white border 
border-light shadow-lg rounded-3 custom-toast show" role="alert" aria-live="assertive" aria-atomic="true" 
data-bs-delay="6000">\n                            <div class="d-flex p-2">\n                                <div 
class="toast-body d-flex align-items-center">\n                                    \n                                  
      <i class="fa-solid fa-circle-check fs-5 text-success me-2"></i>\n                                    \n          
                          <div class="fw-medium text-dark">Welcome back, Test Doctor! Successfully signed in.</div>\n  
                              </div>\n                                <button type="button" class="btn-close m-auto 
me-2" data-bs-dismiss="toast" aria-label="Close"></button>\n                            </div>\n                       
 </div>\n                    \n                \n            \n        </div>\n\n        \n<section 
class="dashboard-section py-4 my-3">\n    <div class="container animate-fade-in">\n        \n        <div class="row 
g-4">\n            \n            <!-- Left Sidebar -->\n            <div class="col-lg-3">\n                <div 
class="sidebar-container mb-4">\n                    <div class="text-center pb-3 mb-3 border-bottom border-light">\n  
                      <div class="avatar-wrapper mb-2 mx-auto bg-primary-glow d-flex align-items-center 
justify-content-center rounded-circle" style="width: 60px; height: 60px;">\n                            <i 
class="fa-solid fa-user-doctor text-primary fs-2"></i>\n                        </div>\n                        <h6 
class="font-outfit text-primary mb-1 fw-bold">Dr. Test Doctor</h6>\n                        <span class="badge 
bg-primary-glow text-primary mb-2 font-outfit small">Practitioner</span>\n                        <div class="small 
text-muted">General Medicine</div>\n                    </div>\n                    \n                    <div 
class="nav flex-column">\n                        <a class="sidebar-nav-link active" href="/doctor/dashboard">\n       
                     <i class="fa-solid fa-gauge-high"></i> Dashboard\n                        </a>\n                  
      <a class="sidebar-nav-link" href="/doctor/patients">\n                            <i class="fa-solid 
fa-users"></i> Patient Directory\n                        </a>\n                        <a href="/logout" 
class="sidebar-nav-link text-danger mt-3 pt-3 border-top border-light">\n                            <i 
class="fa-solid fa-right-from-bracket"></i> Logout\n                        </a>\n                    </div>\n         
       </div>\n            </div>\n\n            <!-- Right Content Panel -->\n            <div class="col-lg-9">\n    
            <!-- Welcome Message Header Banner -->\n                <div class="dashboard-header-banner p-4 bg-light 
rounded-4 border border-light shadow-sm mb-4">\n                    <div class="row align-items-center">\n             
           <div class="col-md-8">\n                            <span class="badge bg-primary-glow text-primary mb-2 
font-outfit small">Doctor Workspace</span>\n                            <h1 class="h2 font-outfit text-primary fw-bold 
mb-1">Welcome back, Dr. Test Doctor</h1>\n                            <p class="text-muted-custom mb-0 small">\n       
                         <i class="fa-solid fa-stethoscope me-1 text-accent"></i> Specialist in General Medicine | 
License: LIC-TEST-1784380148\n                            </p>\n                            <p 
class="text-muted-custom mb-0 mt-1 small">\n                                <i class="fa-regular fa-calendar-days me-1 
text-accent"></i> Today is Saturday, July 18, 2026\n                            </p>\n                        </div>\n 
                       <div class="col-md-4 text-md-end mt-3 mt-md-0">\n                            <div 
class="bg-white p-3 rounded-3 border border-light text-center shadow-sm d-inline-block" style="min-width: 120px;">\n   
                             <span class="d-block text-muted small">Today\'s Visits</span>\n                           
     <span class="h4 text-primary fw-bold mb-0">0</span>\n                            </div>\n                        
</div>\n                    </div>\n                </div>\n\n                <!-- Dashboard Stat Cards -->\n          
      <div class="row g-4 mb-4">\n                    <!-- Today\'s Appointments -->\n                    <div 
class="col-md-4">\n                        <div class="glass-card p-4 border border-light shadow-sm text-center 
card-hover-scale">\n                            <div class="bg-primary-glow mx-auto mb-3 d-flex align-items-center 
justify-content-center rounded-circle" style="width: 55px; height: 55px;">\n                                <i 
class="fa-solid fa-calendar-day text-primary fs-4"></i>\n                            </div>\n                          
  <h6 class="text-muted small mb-1 uppercase font-outfit">Today\'s Appointments</h6>\n                            <h3 
class="fw-bold text-primary mb-0">0</h3>\n                        </div>\n                    </div>\n                 
   <!-- Total Patients -->\n                    <div class="col-md-4">\n                        <div class="glass-card 
p-4 border border-light shadow-sm text-center card-hover-scale">\n                            <div 
class="bg-accent-glow mx-auto mb-3 d-flex align-items-center justify-content-center rounded-circle" style="width: 
55px; height: 55px;">\n                                <i class="fa-solid fa-hospital-user text-accent fs-4"></i>\n    
                        </div>\n                            <h6 class="text-muted small mb-1 uppercase 
font-outfit">Total Patients</h6>\n                            <h3 class="fw-bold text-accent mb-0">1</h3>\n            
            </div>\n                    </div>\n                    <!-- Pending Consultations -->\n                   
 <div class="col-md-4">\n                        <div class="glass-card p-4 border border-light shadow-sm text-center 
card-hover-scale">\n                            <div class="mx-auto mb-3 d-flex align-items-center 
justify-content-center rounded-circle" style="width: 55px; height: 55px; background-color: rgba(245, 158, 11, 0.07); 
color: #d97706; border: 1px solid rgba(245, 158, 11, 0.15);">\n                                <i class="fa-solid 
fa-hourglass-half fs-4"></i>\n                            </div>\n                            <h6 class="text-muted 
small mb-1 uppercase font-outfit">Pending Consultations</h6>\n                            <h3 class="fw-bold mb-0" 
style="color: #d97706;">1</h3>\n                        </div>\n                    </div>\n                </div>\n\n 
               <div class="row g-4">\n                    <!-- Today\'s Appointments Table -->\n                    
<div class="col-xl-8">\n                        <div class="glass-card p-4 border border-light shadow-sm h-100">\n     
                       <h5 class="font-outfit text-primary mb-4 d-flex align-items-center">\n                          
      <i class="fa-solid fa-list-check text-accent me-2"></i> Today\'s Schedule\n                            </h5>\n   
                         \n                            \n                                <div class="text-center py-5 
text-muted animate-fade-in">\n                                    <i class="fa-regular fa-calendar-times fs-2 
text-light mb-3"></i>\n                                    <h6 class="font-outfit text-muted">No appointments 
scheduled.</h6>\n                                    <p class="small mb-0">All schedules have been completed or 
cancelled.</p>\n                                </div>\n                            \n                        </div>\n 
                   </div>\n\n                    <!-- Activity Timeline Column -->\n                    <div 
class="col-xl-4">\n                        <div class="glass-card p-4 border border-light shadow-sm h-100">\n          
                  <h5 class="font-outfit text-primary mb-4 d-flex align-items-center">\n                               
 <i class="fa-solid fa-clock-rotate-left text-accent me-2"></i> Clinical Activities\n                            
</h5>\n                            \n                                <div class="activity-timeline">\n                 
                   \n                                        <div class="activity-timeline-item">\n                    
                        <div class="activity-timeline-marker bg-appointment"></div>\n                                  
          <h6 class="font-outfit text-primary small fw-bold mb-1">\n                                                \n 
                                                   Appointment: Confirmed\n                                            
    \n                                            </h6>\n                                            <p class="small 
text-dark mb-0">Patient: <strong>DoctorTest Patient</strong></p>\n                                             <span 
class="small text-muted" style="font-size: 0.75rem;">July 19, 2026 at 12:09 AM</span>\n                                
        </div>\n                                    \n                                </div>\n                         
   \n                        </div>\n                    </div>\n\n                </div>\n            </div>\n\n      
  </div>\n\n    </div>\n</section>\n\n<!-- View Consultation Modal -->\n<div class="modal fade" 
id="viewConsultationModal" tabindex="-1" aria-labelledby="viewConsultationModalLabel" aria-hidden="true">\n    <div 
class="modal-dialog modal-dialog-centered modal-lg">\n        <div class="modal-content border-0 shadow-lg 
rounded-4">\n            <div class="modal-header bg-gradient bg-teal text-white py-3 border-0 rounded-top-4" 
style="background-color: var(--accent) !important;">\n                <h5 class="modal-title font-outfit fw-bold 
text-white" id="viewConsultationModalLabel">Consultation Details</h5>\n                <button type="button" 
class="btn-close btn-close-white" data-bs-dismiss="modal" aria-label="Close"></button>\n            </div>\n           
 <div class="modal-body p-4">\n                <div class="row g-3">\n                    <div class="col-12">\n       
                 <h6 class="text-primary fw-bold font-outfit border-bottom border-light pb-2 mb-3">Patient Name: <span 
class="text-dark fw-normal" id="viewPatientName"></span></h6>\n                    </div>\n                    <div 
class="col-12">\n                        <label class="form-label small fw-semibold text-primary">Symptoms 
Observed</label>\n                        <div class="p-3 bg-light rounded border border-light" id="viewSymptoms" 
style="white-space: pre-wrap;"></div>\n                    </div>\n                    <div class="col-12">\n          
              <label class="form-label small fw-semibold text-primary">Diagnosis</label>\n                        <div 
class="p-3 bg-light rounded border border-light fw-bold text-dark" id="viewDiagnosis" style="white-space: 
pre-wrap;"></div>\n                    </div>\n                    <div class="col-12">\n                        
<label class="form-label small fw-semibold text-primary">Prescription</label>\n                        <div class="p-3 
bg-light rounded border border-light" id="viewPrescription" style="white-space: pre-wrap;"></div>\n                    
</div>\n                    <div class="col-12">\n                        <label class="form-label small fw-semibold 
text-primary">Notes</label>\n                        <div class="p-3 bg-light rounded border border-light" 
id="viewNotes" style="white-space: pre-wrap;"></div>\n                    </div>\n                    <div 
class="col-12 d-none" id="viewAiSummarySection">\n                        <label class="form-label small fw-semibold 
text-primary"><i class="fa-solid fa-microchip text-accent me-1"></i> AI Summary</label>\n                        <div 
class="p-3 bg-light rounded border border-light small font-monospace" id="viewAiSummary" style="white-space: pre-wrap; 
background-color: rgba(30, 58, 138, 0.02) !important;"></div>\n                    </div>\n                </div>\n    
        </div>\n            <div class="modal-footer p-3 border-top border-light bg-light rounded-bottom-4">\n         
       <button type="button" class="btn btn-outline-secondary btn-sm" data-bs-dismiss="modal">Close</button>\n         
   </div>\n        </div>\n    </div>\n</div>\n\n    </main>\n\n    <!-- Footer -->\n    <footer class="custom-footer 
py-5">\n        <div class="container">\n            <div class="row g-4 mb-4">\n                <div class="col-lg-4 
col-md-6">\n                    <a class="d-flex align-items-center mb-3 text-decoration-none" href="/">\n             
           <div class="brand-icon-wrapper me-2 bg-white">\n                            <i class="fa-solid 
fa-heart-pulse brand-icon"></i>\n                        </div>\n                        <span class="brand-text 
text-white">MediLife <span class="text-accent">AI</span></span>\n                    </a>\n                    <p 
class="small text-muted-custom">\n                        Empowering healthcare through predictive artificial 
intelligence, diagnostic support systems, and secure cloud storage.\n                    </p>\n                    
<div class="social-links d-flex gap-3 mt-3">\n                        <a href="#" class="text-muted"><i 
class="fa-brands fa-twitter fs-5 hover-accent"></i></a>\n                        <a href="#" class="text-muted"><i 
class="fa-brands fa-facebook fs-5 hover-accent"></i></a>\n                        <a href="#" class="text-muted"><i 
class="fa-brands fa-linkedin fs-5 hover-accent"></i></a>\n                        <a href="#" class="text-muted"><i 
class="fa-brands fa-github fs-5 hover-accent"></i></a>\n                    </div>\n                </div>\n           
     \n                <div class="col-lg-2 col-md-6">\n                    <h5 class="mb-3 text-white">Quick 
Links</h5>\n                    <ul class="list-unstyled d-flex flex-column gap-2 small">\n                        
<li><a href="/">Home</a></li>\n                        <li><a href="/#about">About Us</a></li>\n                       
 <li><a href="/#features">Key Features</a></li>\n                        <li><a href="/#contact">Contact 
Support</a></li>\n                    </ul>\n                </div>\n                \n                <div 
class="col-lg-2 col-md-6">\n                    <h5 class="mb-3 text-white">Resources</h5>\n                    <ul 
class="list-unstyled d-flex flex-column gap-2 small">\n                        <li><a href="#">Security & 
Privacy</a></li>\n                        <li><a href="#">Terms of Service</a></li>\n                        <li><a 
href="#">API Documentation</a></li>\n                        <li><a href="#">Clinical Partners</a></li>\n              
      </ul>\n                </div>\n                \n                <div class="col-lg-4 col-md-6">\n               
     <h5 class="mb-3 text-white">Subscribe to News</h5>\n                    <p class="small text-muted-custom 
mb-3">Get the latest clinical AI model updates sent to your inbox.</p>\n                    <form 
class="newsletter-form d-flex gap-2">\n                        <input type="email" class="form-control form-control-sm 
border-0 bg-secondary-subtle px-3 py-2 text-dark rounded" placeholder="Your email address" style="background-color: 
rgba(255,255,255,0.08) !important; color: white !important;">\n                        <button type="submit" 
class="btn btn-premium btn-sm text-white px-3"><i class="fa-solid fa-paper-plane"></i></button>\n                    
</form>\n                </div>\n            </div>\n            \n            <hr class="border-secondary 
opacity-25">\n            \n            <div class="row align-items-center">\n                <div class="col-md-6 
text-center text-md-start mb-3 mb-md-0">\n                    <p class="mb-0 small">&copy; 2026 MediLife AI. All 
rights reserved.</p>\n                </div>\n                <div class="col-md-6 text-center text-md-end">\n         
           <p class="mb-0 small text-muted-custom">Designed for safe, HIPAA-compliant patient diagnostics.</p>\n       
         </div>\n            </div>\n        </div>\n    </footer>\n\n    <!-- Bootstrap 5 Bundle JS (with Popper) 
-->\n    <script src="https://cdn.jsdelivr.net/npm/bootstrap@5.3.2/dist/js/bootstrap.bundle.min.js" 
integrity="sha384-C6RzsynM9kWDrMNeT87bh95OGNyZPhcTNXj1NW7RuBCsyN/o0jlpcV8Qyq46cDfL" 
crossorigin="anonymous"></script>\n    \n    <!-- Custom Javascript -->\n    <script 
src="/static/js/main.js"></script>\n    \n    \n<script>\ndocument.addEventListener(\'DOMContentLoaded\', function () 
{\n    const viewConsultationModal = document.getElementById(\'viewConsultationModal\');\n    if 
(viewConsultationModal) {\n        viewConsultationModal.addEventListener(\'show.bs.modal\', function (event) {\n      
      const button = event.relatedTarget;\n            const patientName = 
button.getAttribute(\'data-patient-name\');\n            const symptoms = button.getAttribute(\'data-symptoms\');\n    
        const diagnosis = button.getAttribute(\'data-diagnosis\');\n            const prescription = 
button.getAttribute(\'data-prescription\');\n            const notes = button.getAttribute(\'data-notes\');\n          
  const aiSummary = button.getAttribute(\'data-ai-summary\');\n            \n            
viewConsultationModal.querySelector(\'#viewPatientName\').textContent = patientName;\n            
viewConsultationModal.querySelector(\'#viewSymptoms\').textContent = symptoms;\n            
viewConsultationModal.querySelector(\'#viewDiagnosis\').textContent = diagnosis;\n            
viewConsultationModal.querySelector(\'#viewPrescription\').textContent = prescription;\n            
viewConsultationModal.querySelector(\'#viewNotes\').textContent = notes;\n            \n            const aiSection = 
viewConsultationModal.querySelector(\'#viewAiSummarySection\');\n            const aiText = 
viewConsultationModal.querySelector(\'#viewAiSummary\');\n            if (aiSummary && aiSummary.trim() !== \'\') {\n  
              aiText.textContent = aiSummary;\n                aiSection.classList.remove(\'d-none\');\n            } 
else {\n                aiSection.classList.add(\'d-none\');\n            }\n        });\n    
}\n});\n</script>\n\n</body>\n</html>'

----------------------------------------------------------------------
Ran 2 tests in 1.192s

FAILED (failures=1)

All programmatic dashboard, appointment booking, and history tests completed successfully!
